../Core/Src/main.c:107:6:can_transmit	56	static
../Core/Src/main.c:126:6:MPU6050_Init	32	static
../Core/Src/main.c:146:7:MPU6050_Read_Accel	32	static
../Core/Src/main.c:160:7:MPU6050_Read_Gyro	32	static
../Core/Src/main.c:173:8:Accel_X_Angle	32	static
../Core/Src/main.c:177:8:Accel_Y_Angle	32	static
../Core/Src/main.c:193:5:main	24	static
../Core/Src/main.c:260:6:SystemClock_Config	88	static
../Core/Src/main.c:308:13:MX_CAN1_Init	8	static
../Core/Src/main.c:345:13:MX_I2C2_Init	8	static
../Core/Src/main.c:379:13:MX_TIM12_Init	24	static
../Core/Src/main.c:417:13:MX_USART2_UART_Init	8	static
../Core/Src/main.c:450:13:MX_GPIO_Init	48	static
../Core/Src/main.c:498:6:Error_Handler	4	static,ignoring_inline_asm
